// Jest Snapshot v1, https://goo.gl/fbAQLP

exports[`Test Component should render a box 1`] = `[Function]`;
