// Jest Snapshot v1, https://goo.gl/fbAQLP

exports[`<Button /> should render as a default button 1`] = `[Function]`;
