// Jest Snapshot v1, https://goo.gl/fbAQLP

exports[`Test Component matches snapshot 1`] = `
<div
  className="sc-AxjAm bXOCfU"
  data-testid="grid"
/>
`;
