// Jest Snapshot v1, https://goo.gl/fbAQLP

exports[`Test Component should render as a default button 1`] = `[Function]`;
